
hghgg

http://localhost/sharif_metal/plumber/admin


hlw vai asslamualaikum






tody is very sqturday.

hlw it is right vai



hel it is right and very beautiful


hwl to day is  friday

masum is fucj boy






$ git add reset_lifecycle_file 

 
$ git status 

 
On branch main Changes to be committed: 

 
(use "git reset HEAD ..." to unstage) 

 
modified: reset_lifecycle_file