hh




$ git add reset_lifecycle_file 

 
$ git status 

 
On branch main Changes to be committed: 

 
(use "git reset HEAD ..." to unstage) 

 

